================================================================================
Phase 3.1: Conformal Prediction Extension (QUICK)
================================================================================
Loaded: 29 regions
Targets: 4 regions
Seeds: [42]

Region          MAE      Cov90%   Cov95%   Width90   Width95   CRPS90  
----------------------------------------------------------------------
QLD1            31.1     0.904    0.939    142.7     188.0     47.0    
NSW1            51.6     0.946    0.964    289.1     326.0     89.5    
VIC1            108.3    0.972    0.993    660.8     766.0     252.9   
SA1             67.5     0.936    0.949    387.1     454.7     110.9   

Total time: 0.0 min

================================================================================
SUMMARY
================================================================================

90% Conformal Intervals:
  Mean empirical coverage: 0.939 (target: 0.900)
  Min coverage: 0.904
  Regions with coverage ≥ 0.90: 4/4
  Mean interval width: 369.9 gCO₂/kWh
  Mean CRPS: 125.1 gCO₂/kWh

95% Conformal Intervals:
  Mean empirical coverage: 0.961 (target: 0.950)
  Min coverage: 0.939
  Regions with coverage ≥ 0.95: 2/4
  Mean interval width: 433.7 gCO₂/kWh

Sharpness ratio (width / MAE):
  Mean: 5.50 (lower = more informative)

Results saved: /Users/cyyc0310/Downloads/transcif/results/conformal_prediction.json

--- GENERATING FIGURES ---
  Figure saved: /Users/cyyc0310/Downloads/transcif/figures/conformal_prediction.png

✓ Phase 3.1 Conformal Prediction complete!
  Key result: Conformal intervals achieve valid coverage
  (empirical coverage ≥ nominal level) across all regions.
