/Users/cyyc0310/Downloads/transcif/src/transcif/models/zeroshot/fuel.py:77: RuntimeWarning: Mean of empty slice.
  obs = np.array([y[months == m].mean() for m in range(1, 13)])
/Users/cyyc0310/Downloads/transcif/.venv/lib/python3.12/site-packages/numpy/core/_methods.py:129: RuntimeWarning: invalid value encountered in divide
  ret = ret.dtype.type(ret / rcount)
/Users/cyyc0310/Downloads/transcif/src/transcif/models/zeroshot/fuel.py:77: RuntimeWarning: Mean of empty slice.
  obs = np.array([y[months == m].mean() for m in range(1, 13)])
/Users/cyyc0310/Downloads/transcif/.venv/lib/python3.12/site-packages/numpy/core/_methods.py:129: RuntimeWarning: invalid value encountered in divide
  ret = ret.dtype.type(ret / rcount)
/Users/cyyc0310/Downloads/transcif/src/transcif/models/zeroshot/fuel.py:77: RuntimeWarning: Mean of empty slice.
  obs = np.array([y[months == m].mean() for m in range(1, 13)])
/Users/cyyc0310/Downloads/transcif/.venv/lib/python3.12/site-packages/numpy/core/_methods.py:129: RuntimeWarning: invalid value encountered in divide
  ret = ret.dtype.type(ret / rcount)
/Users/cyyc0310/Downloads/transcif/src/transcif/models/zeroshot/fuel.py:77: RuntimeWarning: Mean of empty slice.
  obs = np.array([y[months == m].mean() for m in range(1, 13)])
/Users/cyyc0310/Downloads/transcif/.venv/lib/python3.12/site-packages/numpy/core/_methods.py:129: RuntimeWarning: invalid value encountered in divide
  ret = ret.dtype.type(ret / rcount)
/Users/cyyc0310/Downloads/transcif/src/transcif/models/zeroshot/fuel.py:77: RuntimeWarning: Mean of empty slice.
  obs = np.array([y[months == m].mean() for m in range(1, 13)])
/Users/cyyc0310/Downloads/transcif/.venv/lib/python3.12/site-packages/numpy/core/_methods.py:129: RuntimeWarning: invalid value encountered in divide
  ret = ret.dtype.type(ret / rcount)
/Users/cyyc0310/Downloads/transcif/src/transcif/models/zeroshot/fuel.py:77: RuntimeWarning: Mean of empty slice.
  obs = np.array([y[months == m].mean() for m in range(1, 13)])
/Users/cyyc0310/Downloads/transcif/.venv/lib/python3.12/site-packages/numpy/core/_methods.py:129: RuntimeWarning: invalid value encountered in divide
  ret = ret.dtype.type(ret / rcount)
/Users/cyyc0310/Downloads/transcif/src/transcif/models/zeroshot/fuel.py:77: RuntimeWarning: Mean of empty slice.
  obs = np.array([y[months == m].mean() for m in range(1, 13)])
/Users/cyyc0310/Downloads/transcif/.venv/lib/python3.12/site-packages/numpy/core/_methods.py:129: RuntimeWarning: invalid value encountered in divide
  ret = ret.dtype.type(ret / rcount)
/Users/cyyc0310/Downloads/transcif/src/transcif/models/zeroshot/fuel.py:77: RuntimeWarning: Mean of empty slice.
  obs = np.array([y[months == m].mean() for m in range(1, 13)])
/Users/cyyc0310/Downloads/transcif/.venv/lib/python3.12/site-packages/numpy/core/_methods.py:129: RuntimeWarning: invalid value encountered in divide
  ret = ret.dtype.type(ret / rcount)
/Users/cyyc0310/Downloads/transcif/src/transcif/models/zeroshot/fuel.py:77: RuntimeWarning: Mean of empty slice.
  obs = np.array([y[months == m].mean() for m in range(1, 13)])
/Users/cyyc0310/Downloads/transcif/.venv/lib/python3.12/site-packages/numpy/core/_methods.py:129: RuntimeWarning: invalid value encountered in divide
  ret = ret.dtype.type(ret / rcount)
/Users/cyyc0310/Downloads/transcif/src/transcif/models/zeroshot/fuel.py:77: RuntimeWarning: Mean of empty slice.
  obs = np.array([y[months == m].mean() for m in range(1, 13)])
/Users/cyyc0310/Downloads/transcif/.venv/lib/python3.12/site-packages/numpy/core/_methods.py:129: RuntimeWarning: invalid value encountered in divide
  ret = ret.dtype.type(ret / rcount)
/Users/cyyc0310/Downloads/transcif/src/transcif/models/zeroshot/fuel.py:77: RuntimeWarning: Mean of empty slice.
  obs = np.array([y[months == m].mean() for m in range(1, 13)])
/Users/cyyc0310/Downloads/transcif/.venv/lib/python3.12/site-packages/numpy/core/_methods.py:129: RuntimeWarning: invalid value encountered in divide
  ret = ret.dtype.type(ret / rcount)
/Users/cyyc0310/Downloads/transcif/src/transcif/models/zeroshot/fuel.py:77: RuntimeWarning: Mean of empty slice.
  obs = np.array([y[months == m].mean() for m in range(1, 13)])
/Users/cyyc0310/Downloads/transcif/.venv/lib/python3.12/site-packages/numpy/core/_methods.py:129: RuntimeWarning: invalid value encountered in divide
  ret = ret.dtype.type(ret / rcount)
/Users/cyyc0310/Downloads/transcif/src/transcif/models/zeroshot/fuel.py:77: RuntimeWarning: Mean of empty slice.
  obs = np.array([y[months == m].mean() for m in range(1, 13)])
/Users/cyyc0310/Downloads/transcif/.venv/lib/python3.12/site-packages/numpy/core/_methods.py:129: RuntimeWarning: invalid value encountered in divide
  ret = ret.dtype.type(ret / rcount)
/Users/cyyc0310/Downloads/transcif/src/transcif/models/zeroshot/fuel.py:77: RuntimeWarning: Mean of empty slice.
  obs = np.array([y[months == m].mean() for m in range(1, 13)])
/Users/cyyc0310/Downloads/transcif/.venv/lib/python3.12/site-packages/numpy/core/_methods.py:129: RuntimeWarning: invalid value encountered in divide
  ret = ret.dtype.type(ret / rcount)
/Users/cyyc0310/Downloads/transcif/src/transcif/models/zeroshot/fuel.py:77: RuntimeWarning: Mean of empty slice.
  obs = np.array([y[months == m].mean() for m in range(1, 13)])
/Users/cyyc0310/Downloads/transcif/.venv/lib/python3.12/site-packages/numpy/core/_methods.py:129: RuntimeWarning: invalid value encountered in divide
  ret = ret.dtype.type(ret / rcount)
/Users/cyyc0310/Downloads/transcif/src/transcif/models/zeroshot/fuel.py:77: RuntimeWarning: Mean of empty slice.
  obs = np.array([y[months == m].mean() for m in range(1, 13)])
/Users/cyyc0310/Downloads/transcif/.venv/lib/python3.12/site-packages/numpy/core/_methods.py:129: RuntimeWarning: invalid value encountered in divide
  ret = ret.dtype.type(ret / rcount)
/Users/cyyc0310/Downloads/transcif/src/transcif/models/zeroshot/fuel.py:77: RuntimeWarning: Mean of empty slice.
  obs = np.array([y[months == m].mean() for m in range(1, 13)])
/Users/cyyc0310/Downloads/transcif/.venv/lib/python3.12/site-packages/numpy/core/_methods.py:129: RuntimeWarning: invalid value encountered in divide
  ret = ret.dtype.type(ret / rcount)
/Users/cyyc0310/Downloads/transcif/src/transcif/models/zeroshot/fuel.py:77: RuntimeWarning: Mean of empty slice.
  obs = np.array([y[months == m].mean() for m in range(1, 13)])
/Users/cyyc0310/Downloads/transcif/.venv/lib/python3.12/site-packages/numpy/core/_methods.py:129: RuntimeWarning: invalid value encountered in divide
  ret = ret.dtype.type(ret / rcount)
/Users/cyyc0310/Downloads/transcif/src/transcif/models/zeroshot/fuel.py:77: RuntimeWarning: Mean of empty slice.
  obs = np.array([y[months == m].mean() for m in range(1, 13)])
/Users/cyyc0310/Downloads/transcif/.venv/lib/python3.12/site-packages/numpy/core/_methods.py:129: RuntimeWarning: invalid value encountered in divide
  ret = ret.dtype.type(ret / rcount)
/Users/cyyc0310/Downloads/transcif/src/transcif/models/zeroshot/fuel.py:77: RuntimeWarning: Mean of empty slice.
  obs = np.array([y[months == m].mean() for m in range(1, 13)])
/Users/cyyc0310/Downloads/transcif/.venv/lib/python3.12/site-packages/numpy/core/_methods.py:129: RuntimeWarning: invalid value encountered in divide
  ret = ret.dtype.type(ret / rcount)
/Users/cyyc0310/Downloads/transcif/src/transcif/models/zeroshot/fuel.py:77: RuntimeWarning: Mean of empty slice.
  obs = np.array([y[months == m].mean() for m in range(1, 13)])
/Users/cyyc0310/Downloads/transcif/.venv/lib/python3.12/site-packages/numpy/core/_methods.py:129: RuntimeWarning: invalid value encountered in divide
  ret = ret.dtype.type(ret / rcount)
/Users/cyyc0310/Downloads/transcif/src/transcif/models/zeroshot/fuel.py:77: RuntimeWarning: Mean of empty slice.
  obs = np.array([y[months == m].mean() for m in range(1, 13)])
/Users/cyyc0310/Downloads/transcif/.venv/lib/python3.12/site-packages/numpy/core/_methods.py:129: RuntimeWarning: invalid value encountered in divide
  ret = ret.dtype.type(ret / rcount)
/Users/cyyc0310/Downloads/transcif/src/transcif/models/zeroshot/fuel.py:77: RuntimeWarning: Mean of empty slice.
  obs = np.array([y[months == m].mean() for m in range(1, 13)])
/Users/cyyc0310/Downloads/transcif/.venv/lib/python3.12/site-packages/numpy/core/_methods.py:129: RuntimeWarning: invalid value encountered in divide
  ret = ret.dtype.type(ret / rcount)
/Users/cyyc0310/Downloads/transcif/src/transcif/models/zeroshot/fuel.py:77: RuntimeWarning: Mean of empty slice.
  obs = np.array([y[months == m].mean() for m in range(1, 13)])
/Users/cyyc0310/Downloads/transcif/.venv/lib/python3.12/site-packages/numpy/core/_methods.py:129: RuntimeWarning: invalid value encountered in divide
  ret = ret.dtype.type(ret / rcount)
/Users/cyyc0310/Downloads/transcif/src/transcif/models/zeroshot/fuel.py:77: RuntimeWarning: Mean of empty slice.
  obs = np.array([y[months == m].mean() for m in range(1, 13)])
/Users/cyyc0310/Downloads/transcif/.venv/lib/python3.12/site-packages/numpy/core/_methods.py:129: RuntimeWarning: invalid value encountered in divide
  ret = ret.dtype.type(ret / rcount)
/Users/cyyc0310/Downloads/transcif/src/transcif/models/zeroshot/fuel.py:77: RuntimeWarning: Mean of empty slice.
  obs = np.array([y[months == m].mean() for m in range(1, 13)])
/Users/cyyc0310/Downloads/transcif/.venv/lib/python3.12/site-packages/numpy/core/_methods.py:129: RuntimeWarning: invalid value encountered in divide
  ret = ret.dtype.type(ret / rcount)
/Users/cyyc0310/Downloads/transcif/src/transcif/models/zeroshot/fuel.py:77: RuntimeWarning: Mean of empty slice.
  obs = np.array([y[months == m].mean() for m in range(1, 13)])
/Users/cyyc0310/Downloads/transcif/.venv/lib/python3.12/site-packages/numpy/core/_methods.py:129: RuntimeWarning: invalid value encountered in divide
  ret = ret.dtype.type(ret / rcount)
/Users/cyyc0310/Downloads/transcif/src/transcif/models/zeroshot/fuel.py:77: RuntimeWarning: Mean of empty slice.
  obs = np.array([y[months == m].mean() for m in range(1, 13)])
/Users/cyyc0310/Downloads/transcif/.venv/lib/python3.12/site-packages/numpy/core/_methods.py:129: RuntimeWarning: invalid value encountered in divide
  ret = ret.dtype.type(ret / rcount)
/Users/cyyc0310/Downloads/transcif/src/transcif/models/zeroshot/fuel.py:77: RuntimeWarning: Mean of empty slice.
  obs = np.array([y[months == m].mean() for m in range(1, 13)])
/Users/cyyc0310/Downloads/transcif/.venv/lib/python3.12/site-packages/numpy/core/_methods.py:129: RuntimeWarning: invalid value encountered in divide
  ret = ret.dtype.type(ret / rcount)
[A] VIC1                     trust=nan cfg=88.9 tta=89.2 i0=90.9 (22.8s)
[A] NSW1                     trust=nan cfg=79.2 tta=78.9 i0=65.8 (21.4s)
[A] UK_05_Yorkshire          trust=nan cfg=41.1 tta=40.9 i0=40.0 (21.2s)
[A] US_BPAT                  trust=nan cfg=19.2 tta=19.0 i0=10.2 (21.0s)
[A] US_NYIS                  trust=nan cfg=20.1 tta=20.6 i0=18.0 (21.1s)
[A] UK_16_Scotland           trust=nan cfg=21.2 tta=20.8 i0=20.5 (21.3s)
[A] UK_09_East_Midlands      trust=nan cfg=77.7 tta=77.9 i0=67.8 (21.9s)
[fd39] wrote /Users/cyyc0310/Downloads/transcif/results/fd39_night_A.json
