[ep900_fd48_full] QLD1                       cfg 29.1 i0 26.4
[ep900_fd48_full] NSW1                       cfg 67.2 i0 54.7
[ep900_fd48_full] VIC1                       cfg 81.4 i0 81.8
[ep900_fd48_full] SA1                        cfg 85.9 i0 79.7
[ep900_fd48_full] UK_01_North_Scotland       cfg 49.2 i0 46.0
[ep900_fd48_full] UK_02_South_Scotland       cfg 18.0 i0 21.5
[ep900_fd48_full] UK_03_North_West_England   cfg 23.9 i0 19.4
[ep900_fd48_full] UK_05_Yorkshire            cfg 55.8 i0 63.5
[ep900_fd48_full] UK_06_North_Wales_Merseyside cfg 40.5 i0 32.8
[ep900_fd48_full] UK_07_South_Wales          cfg 58.2 i0 54.5
[ep900_fd48_full] UK_08_West_Midlands        cfg 70.6 i0 58.5
[ep900_fd48_full] UK_09_East_Midlands        cfg 74.6 i0 64.9
[ep900_fd48_full] UK_10_East_England         cfg 32.9 i0 26.9
[ep900_fd48_full] UK_11_South_West_England   cfg 50.1 i0 48.0
[ep900_fd48_full] UK_12_South_England        cfg 49.2 i0 39.8
[ep900_fd48_full] UK_13_London               cfg 39.9 i0 40.7
[ep900_fd48_full] UK_14_South_East_England   cfg 44.6 i0 44.0
[ep900_fd48_full] UK_15_England              cfg 31.9 i0 26.5
[ep900_fd48_full] UK_16_Scotland             cfg 21.2 i0 21.6
[ep900_fd48_full] UK_17_Wales                cfg 49.0 i0 49.8
[ep900_fd48_full] UK_18_GB                   cfg 32.7 i0 26.6
[ep900_fd48_full] US_CISO                    cfg 51.5 i0 36.7
[ep900_fd48_full] US_PJM                     cfg 20.3 i0 20.4
[ep900_fd48_full] US_MISO                    cfg 35.2 i0 34.4
[ep900_fd48_full] US_ERCO                    cfg 37.6 i0 37.5
[ep900_fd48_full] US_ISNE                    cfg 26.5 i0 20.9
[ep900_fd48_full] US_NYIS                    cfg 19.6 i0 19.0
[ep900_fd48_full] US_FPL                     cfg 22.5 i0 21.0
[ep900_fd48_full] US_BPAT                    cfg 24.1 i0 13.0
[fd41:ep900_fd48_full] wrote results/fd48_repro_ep900_full.json
