Region                      stored      DUAL3     DUAL4 DUAL4 m15     DUAL5 DUAL3 m15  Persist
----------------------------------------------------------------------------------------------
UK_13_London                 52.40      52.40     52.40     52.29     52.97     52.29    52.74
UK_14_South_East_England     50.45      50.45     51.17     50.57     51.61     50.44    50.70
US_MISO                      46.82      46.82     46.82     46.66     46.21     46.66    55.60
VIC1                         98.13      98.13     98.13     98.13     98.33     98.13   116.79
SA1                          60.94      60.94     60.94     60.48     61.04     60.48    68.07
UK_01_North_Scotland         35.42      34.42     34.42     34.27     34.42     34.27    34.96
US_ERCO                      59.63      59.63     59.73     59.96     59.73     59.76    64.79
QLD1                         27.00      27.00     27.00     26.96     27.00     26.96    29.11
US_FPL                       12.91      12.91     12.91     12.91     12.91     12.91    13.39
UK_11_South_West_England     49.18      49.18     49.18     49.38     49.18     49.38    53.04
UK_07_South_Wales            70.77      70.77     70.77     71.54     71.59     71.54    76.20
US_CISO                      25.25      25.25     25.25     25.33     25.25     25.33    27.43
----------------------------------------------------------------------------------------------
DUAL3        beat-persist 12/12  improved-vs-stored 1/12  mean-ratio-vs-stored 0.9977
DUAL4        beat-persist 11/12  improved-vs-stored 1/12  mean-ratio-vs-stored 0.9990
DUAL4 m15    beat-persist 12/12  improved-vs-stored 5/12  mean-ratio-vs-stored 0.9983
DUAL5        beat-persist 10/12  improved-vs-stored 2/12  mean-ratio-vs-stored 1.0008
DUAL3 m15    beat-persist 12/12  improved-vs-stored 6/12  mean-ratio-vs-stored 0.9978
