Region                      stored  AUTO2 cur   A3 cons    A4 raw   A5 both RAW force  Persist
----------------------------------------------------------------------------------------------
UK_13_London                 52.40      52.40     52.40     52.40     52.40     52.53    52.74
UK_14_South_East_England     50.45      50.45     50.45     51.17     51.17     49.09    50.70
US_MISO                      46.82      46.82     46.82     46.82     46.82     47.80    55.60
VIC1                         98.13      98.13     98.13     98.13     98.13     99.99   116.79
SA1                          60.94      60.94     60.94     60.94     60.94     61.36    68.07
UK_01_North_Scotland         35.42      35.42     35.41     35.42     35.41     39.28    34.96
US_ERCO                      59.63      59.63     59.63     59.73     59.73     59.13    64.79
QLD1                         27.00      27.00     27.00     27.00     27.00     26.90    29.11
US_FPL                       12.91      12.91     12.91     12.91     12.91     13.19    13.39
UK_11_South_West_England     49.18      49.18     49.18     49.18     49.18     50.13    53.04
UK_07_South_Wales            70.77      70.77     70.77     70.77     70.77     71.60    76.20
US_CISO                      25.25      25.25     25.29     25.25     25.29     26.41    27.43
----------------------------------------------------------------------------------------------
AUTO2 cur    beat-persist 11/12  improved-vs-stored 0/12  mean-ratio-vs-stored 1.0000
A3 cons      beat-persist 11/12  improved-vs-stored 1/12  mean-ratio-vs-stored 1.0001
A4 raw       beat-persist 10/12  improved-vs-stored 0/12  mean-ratio-vs-stored 1.0013
A5 both      beat-persist 10/12  improved-vs-stored 1/12  mean-ratio-vs-stored 1.0015
RAW force    beat-persist 11/12  improved-vs-stored 3/12  mean-ratio-vs-stored 1.0182
