Region                      stored  AUTO2 cur   L1 +leg   L2 +l+r LEG force     L3 m1  Persist
----------------------------------------------------------------------------------------------
UK_13_London                 52.40      52.40     52.40     52.40     53.02     52.38    52.74
UK_14_South_East_England     50.45      50.45     50.45     51.17     51.16     51.02    50.70
US_MISO                      46.82      46.82     46.82     46.82     52.80     46.47    55.60
VIC1                         98.13      98.13     98.13     98.13    112.37     98.13   116.79
SA1                          60.94      60.94     60.94     60.94     66.42     60.34    68.07
/Users/cyyc0310/Downloads/transcif/scripts/run_unified_eval.py:226: RuntimeWarning: divide by zero encountered in power
  w = ratio ** (-gamma)
/Users/cyyc0310/Downloads/transcif/scripts/run_unified_eval.py:227: RuntimeWarning: invalid value encountered in divide
  w /= w.sum(axis=0, keepdims=True)
UK_01_North_Scotland         35.42      35.42     35.42     35.42       nan     35.42    34.96
US_ERCO                      59.63      59.63     59.63     59.73     61.70     60.03    64.79
QLD1                         27.00      27.00     27.00     27.00     28.47     26.98    29.11
US_FPL                       12.91      12.91     12.91     12.91     13.19     12.91    13.39
UK_11_South_West_England     49.18      49.18     49.18     49.18     50.34     49.68    53.04
UK_07_South_Wales            70.77      70.77     70.77     70.77     72.91     71.68    76.20
US_CISO                      25.25      25.25     25.25     25.25     26.37     25.49    27.43
----------------------------------------------------------------------------------------------
AUTO2 cur    beat-persist 11/12  improved-vs-stored 0/12  mean-ratio-vs-stored 1.0000
L1 +leg      beat-persist 11/12  improved-vs-stored 0/12  mean-ratio-vs-stored 1.0000
L2 +l+r      beat-persist 10/12  improved-vs-stored 0/12  mean-ratio-vs-stored 1.0013
LEG force    beat-persist 9/12  improved-vs-stored 0/12  mean-ratio-vs-stored nan
L3 m1        beat-persist 10/12  improved-vs-stored 4/12  mean-ratio-vs-stored 1.0027
