  UK_13_London s0: D3m15=52.29  W3t15=52.69
  UK_13_London s1: D3m15=52.60  W3t15=53.00
  UK_13_London s2: D3m15=52.38  W3t15=52.77
  UK_13_London s3: D3m15=52.29  W3t15=52.68
  UK_13_London s4: D3m15=52.69  W3t15=53.09
  UK_14_South_East_England s0: D3m15=50.44  W3t15=50.68
  UK_14_South_East_England s1: D3m15=50.45  W3t15=50.77
  UK_14_South_East_England s2: D3m15=50.44  W3t15=50.68
  UK_14_South_East_England s3: D3m15=50.39  W3t15=50.63
  UK_14_South_East_England s4: D3m15=50.49  W3t15=50.74
  US_MISO s0: D3m15=46.66  W3t15=46.38
  US_MISO s1: D3m15=46.81  W3t15=46.51
  US_MISO s2: D3m15=46.63  W3t15=46.36
  US_MISO s3: D3m15=46.48  W3t15=46.25
  US_MISO s4: D3m15=46.85  W3t15=46.53
  SA1 s0: D3m15=60.48  W3t15=60.48
  SA1 s1: D3m15=60.60  W3t15=60.60
  SA1 s2: D3m15=60.52  W3t15=60.52
  SA1 s3: D3m15=60.26  W3t15=60.26
  SA1 s4: D3m15=60.65  W3t15=60.65
  UK_01_North_Scotland s0: D3m15=34.27  W3t15=34.27
  UK_01_North_Scotland s1: D3m15=34.56  W3t15=34.56
  UK_01_North_Scotland s2: D3m15=34.49  W3t15=34.49
  UK_01_North_Scotland s3: D3m15=33.99  W3t15=33.99
  UK_01_North_Scotland s4: D3m15=34.72  W3t15=34.72
  VIC1 s0: D3m15=98.13  W3t15=98.33
  VIC1 s1: D3m15=98.44  W3t15=98.96
  VIC1 s2: D3m15=98.07  W3t15=98.59
  VIC1 s3: D3m15=97.72  W3t15=98.11
  VIC1 s4: D3m15=98.60  W3t15=99.12

==============================================================================
Region                       stored          D3m15         W3t15  Persist   rival
------------------------------------------------------------------------------
UK_13_London                  52.40   52.45±0.17   52.85±0.17    52.74     nan
UK_14_South_East_England      50.48   50.44±0.03   50.70±0.05    50.70     nan
US_MISO                       46.67   46.69±0.13   46.40±0.10    55.60   46.19
SA1                           61.01   60.50±0.13   60.50±0.13    68.07   60.57
UK_01_North_Scotland          35.48   34.41±0.25   34.41±0.25    34.96     nan
VIC1                          98.27   98.19±0.31   98.62±0.38   116.79     nan
