Region                      stored     D3 m15   D4W m15    D5 m15 D3m15 d28 D3m15 d84  Persist
----------------------------------------------------------------------------------------------
UK_13_London                 52.40      52.29     52.62     52.62     52.36     52.46    52.74
UK_14_South_East_England     50.45      50.44     51.12     51.11     50.49     50.71    50.70
US_MISO                      46.82      46.66     46.18     46.18     47.03     46.49    55.60
VIC1                         98.13      98.13     98.33     98.33     98.51     98.13   116.79
SA1                          60.94      60.48     60.47     60.47     61.09     60.62    68.07
UK_01_North_Scotland         35.42      34.27     34.27     34.27     34.28     34.09    34.96
US_ERCO                      59.63      59.76     59.76     59.96     59.98     59.63    64.79
QLD1                         27.00      26.96     26.96     26.96     27.23     27.12    29.11
US_FPL                       12.91      12.91     12.91     12.91     13.06     12.91    13.39
UK_11_South_West_England     49.18      49.38     49.38     49.38     49.68     49.68    53.04
UK_07_South_Wales            70.77      71.54     72.18     72.18     70.43     70.17    76.20
US_CISO                      25.25      25.33     25.33     25.33     25.07     25.36    27.43
----------------------------------------------------------------------------------------------
D3 m15       beat-persist 12/12  improved-vs-stored 6/12  mean-ratio-vs-stored 0.9978
D4W m15      beat-persist 11/12  improved-vs-stored 4/12  mean-ratio-vs-stored 0.9995
D5 m15       beat-persist 11/12  improved-vs-stored 4/12  mean-ratio-vs-stored 0.9998
D3m15 d28    beat-persist 12/12  improved-vs-stored 4/12  mean-ratio-vs-stored 1.0003
D3m15 d84    beat-persist 11/12  improved-vs-stored 4/12  mean-ratio-vs-stored 0.9973
