Region                      stored     D3 m15   D4W t05    D4W t0    D5R t0    D4R t0  Persist
----------------------------------------------------------------------------------------------
UK_13_London                 52.40      52.29     52.62     52.79     52.79     52.40    52.74
UK_14_South_East_England     50.45      50.44     51.12     51.12     51.12     50.44    50.70
US_MISO                      46.82      46.66     46.18     46.33     46.33     46.81    55.60
VIC1                         98.13      98.13     98.33     98.33     98.33     98.13   116.79
SA1                          60.94      60.48     60.47     60.47     60.47     60.48    68.07
UK_01_North_Scotland         35.42      34.27     34.67     35.08     35.08     35.08    34.96
US_ERCO                      59.63      59.76     59.76     59.76     59.82     59.82    64.79
QLD1                         27.00      26.96     26.96     26.96     26.96     26.96    29.11
US_FPL                       12.91      12.91     12.91     12.91     12.91     12.91    13.39
UK_11_South_West_England     49.18      49.38     49.38     49.18     49.18     49.18    53.04
UK_07_South_Wales            70.77      71.54     71.37     71.43     71.83     71.74    76.20
US_CISO                      25.25      25.33     25.33     25.33     25.33     25.33    27.43
----------------------------------------------------------------------------------------------
D3 m15       beat-persist 12/12  improved-vs-stored 6/12  mean-ratio-vs-stored 0.9978
D4W t05      beat-persist 11/12  improved-vs-stored 4/12  mean-ratio-vs-stored 0.9995
D4W t0       beat-persist 9/12  improved-vs-stored 4/12  mean-ratio-vs-stored 1.0007
D5R t0       beat-persist 9/12  improved-vs-stored 4/12  mean-ratio-vs-stored 1.0013
D4R t0       beat-persist 11/12  improved-vs-stored 5/12  mean-ratio-vs-stored 1.0001
