Region                      stored  AUTO2 cur      LOG2 LOG3 +leg LOG4 +l+r   LOG3 m1  Persist
----------------------------------------------------------------------------------------------
UK_13_London                 52.40      52.40     51.71     51.71     51.71     51.71    52.74
UK_14_South_East_England     50.45      50.45     49.58     49.58     49.58     50.19    50.70
US_MISO                      46.82      46.82     47.92     47.92     47.92     47.96    55.60
VIC1                         98.13      98.13    101.36    101.36    101.36    101.36   116.79
SA1                          60.94      60.94     61.34     61.34     61.34     61.39    68.07
UK_01_North_Scotland         35.42      35.42     35.42     33.74     33.74     33.74    34.96
US_ERCO                      59.63      59.63     59.63     59.63     59.63     59.63    64.79
QLD1                         27.00      27.00     26.94     26.94     26.94     26.94    29.11
US_FPL                       12.91      12.91     12.91     12.91     12.91     12.91    13.39
UK_11_South_West_England     49.18      49.18     49.18     49.18     49.18     49.18    53.04
UK_07_South_Wales            70.77      70.77     70.55     70.55     70.55     70.55    76.20
US_CISO                      25.25      25.25     25.40     25.40     25.40     25.61    27.43
----------------------------------------------------------------------------------------------
AUTO2 cur    beat-persist 11/12  improved-vs-stored 0/12  mean-ratio-vs-stored 1.0000
LOG2         beat-persist 11/12  improved-vs-stored 4/12  mean-ratio-vs-stored 1.0028
LOG3 +leg    beat-persist 12/12  improved-vs-stored 5/12  mean-ratio-vs-stored 0.9988
LOG4 +l+r    beat-persist 12/12  improved-vs-stored 5/12  mean-ratio-vs-stored 0.9988
LOG3 m1      beat-persist 12/12  improved-vs-stored 5/12  mean-ratio-vs-stored 1.0007
