Generating submission-quality figures ...
1 extra bytes in post.stringData array
'created' timestamp seems very low; regarding as unix timestamp
  wrote figures/main_benchmark.png + .pdf
1 extra bytes in post.stringData array
'created' timestamp seems very low; regarding as unix timestamp
  wrote figures/theorem1_error_propagation.png + .pdf
1 extra bytes in post.stringData array
'created' timestamp seems very low; regarding as unix timestamp
  wrote figures/theorem1_lt_amplification.png + .pdf
1 extra bytes in post.stringData array
'created' timestamp seems very low; regarding as unix timestamp
  wrote figures/theorem2_config_distance.png + .pdf
1 extra bytes in post.stringData array
'created' timestamp seems very low; regarding as unix timestamp
  wrote figures/conformal_prediction.png + .pdf
1 extra bytes in post.stringData array
'created' timestamp seems very low; regarding as unix timestamp
  wrote figures/temporal_ood.png + .pdf
1 extra bytes in post.stringData array
'created' timestamp seems very low; regarding as unix timestamp
  wrote figures/deployment_warmup.png + .pdf
1 extra bytes in post.stringData array
'created' timestamp seems very low; regarding as unix timestamp
  wrote figures/carboncast_analysis.png + .pdf
Done.
