================================================================================
Phase 3.3: Temporal OOD Experiment
================================================================================

Test: Does the model generalize to unseen TIME periods?
Compare: 80/20 (standard) vs 75/25 (last quarter) vs 50/50 (last half)

Loaded: 29 regions
Targets: ['US_FPL', 'US_MISO', 'QLD1', 'NSW1', 'VIC1', 'SA1', 'UK_07_South_Wales', 'UK_01_North_Scotland', 'US_BPAT']
Splits: ['Standard (80/20)', '9-month (75/25)', '6-month (50/50)']
Seeds: [0, 1, 2]

Region          Standard (80   9-month (75/   6-month (50/  
------------------------------------------------------------
US_FPL          12.9  ±0.0   12.2  ±0.0   8.7   ±0.0  
US_MISO         46.8  ±0.0   45.5  ±0.0   35.1  ±0.1  
QLD1            26.9  ±0.0   26.8  ±0.0   25.6  ±0.0  
NSW1            46.4  ±0.1   48.7  ±0.1   46.2  ±0.1  
VIC1            98.2  ±0.2   102.4 ±0.2   100.0 ±0.2  
SA1             60.5  ±0.0   58.9  ±0.0   74.5  ±0.1  
UK_07_South_Wales 71.6  ±0.2   78.8  ±0.3   71.8  ±0.1  
UK_01_North_Scotland 34.5  ±0.1   35.1  ±0.1   32.2  ±0.1  
US_BPAT         6.2   ±0.0   5.8   ±0.0   5.9   ±0.0  

Total time: 0.5 min

================================================================================
TEMPORAL OOD ANALYSIS
================================================================================

Region          Std MAE    75% MAE    50% MAE    75%/Std  50%/Std 
-----------------------------------------------------------------
US_FPL          12.9       12.2       8.7        0.950    0.678   
US_MISO         46.8       45.5       35.1       0.973    0.750   
QLD1            26.9       26.8       25.6       0.997    0.953   
NSW1            46.4       48.7       46.2       1.049    0.994   
VIC1            98.2       102.4      100.0      1.042    1.018   
SA1             60.5       58.9       74.5       0.973    1.231   
UK_07_South_Wales 71.6       78.8       71.8       1.100    1.002   
UK_01_North_Scotland 34.5       35.1       32.2       1.018    0.933   
US_BPAT         6.2        5.8        5.9        0.945    0.951   

MEAN            —          —          —          1.005    0.946   

Key finding:
  75/25 split (last quarter): MAE ratio = 1.005 vs standard
  50/50 split (last half): MAE ratio = 0.946 vs standard
  → GOOD: Model generalizes well to unseen time periods (<15% degradation)

Results saved: /Users/cyyc0310/Downloads/transcif/results/temporal_ood.json

--- GENERATING FIGURE ---
  Figure saved: /Users/cyyc0310/Downloads/transcif/figures/temporal_ood.png

✓ Phase 3.3 Temporal OOD complete!
